main.c:147:5:main	16	static
main.c:291:6:SystemClock_Config	88	static
main.c:336:13:MX_I2C1_Init	8	static
main.c:370:13:MX_TIM1_Init	56	static
main.c:420:13:MX_TIM2_Init	32	static
main.c:465:13:MX_TIM3_Init	48	static
main.c:518:13:MX_TIM4_Init	32	static
main.c:563:13:MX_USART2_UART_Init	8	static
main.c:594:13:MX_DMA_Init	16	static
main.c:615:13:MX_GPIO_Init	48	static
main.c:652:6:NucleoCheck	8	static
main.c:667:10:EncoderPosition_Update	4	static
main.c:671:7:EncoderVelocity_Update	48	static
main.c:692:6:kalmanfilter	24	static
main.c:717:6:togo	4	static
main.c:723:6:planning	24	static
main.c:763:6:pid	8	static
main.c:838:6:HAL_TIM_PeriodElapsedCallback	24	static
main.c:855:10:micros	12	static
main.c:860:6:MicroCheck	16	static
main.c:869:6:ProxiCheck	8	static
main.c:875:6:MotorDrive	4	static
main.c:889:6:SetHome	8	static
main.c:913:6:Control	4	static
main.c:924:6:I2C_Laser	24	static
main.c:935:6:I2C_Check	8	static
main.c:951:6:Error_Handler	4	static,ignoring_inline_asm
